============================= test session starts =============================
platform win32 -- Python 3.13.0, pytest-9.0.1, pluggy-1.6.0 -- C:\Program Files\Python313\python.exe
cachedir: .pytest_cache
rootdir: C:\Users\YO\Desktop\EL-AMANECERV3-main
configfile: pytest.ini (WARNING: ignoring pytest config in pyproject.toml!)
plugins: anyio-4.11.0, langsmith-0.4.46
collecting ... collected 9 items

tests/enterprise/test_database_operations_enterprise.py::TestConsciousnessPersistenceEnterprise::test_consciousness_memory_system_persistence_e2e PASSED [ 11%]
tests/enterprise/test_database_operations_enterprise.py::TestConsciousnessPersistenceEnterprise::test_memories_transaction_integrity_under_concurrent_access FAILED [ 22%]
tests/enterprise/test_database_operations_enterprise.py::TestConsciousnessPersistenceEnterprise::test_consciousness_memory_recovery_after_simulated_crash PASSED [ 33%]
tests/enterprise/test_database_operations_enterprise.py::TestDatabaseTransactionSafetyEnterprise::test_atomic_transaction_consistency_multi_table PASSED [ 44%]
tests/enterprise/test_database_operations_enterprise.py::TestDatabaseTransactionSafetyEnterprise::test_deadlock_prevention_and_recovery_enterprise PASSED [ 55%]
tests/enterprise/test_database_operations_enterprise.py::TestDatabaseTransactionSafetyEnterprise::test_database_backup_recovery_data_integrity_enterprise FAILED [ 66%]
tests/enterprise/test_database_operations_enterprise.py::TestDatabaseTransactionSafetyEnterprise::test_database_backup_recovery_data_integrity_enterprise SKIPPED [ 66%]
tests/enterprise/test_database_operations_enterprise.py::TestDatabasePerformanceScalingEnterprise::test_database_insertion_throughput_enterprise_scale FAILED [ 77%]
tests/enterprise/test_database_operations_enterprise.py::TestDatabasePerformanceScalingEnterprise::test_complex_query_performance_enterprise_analytics FAILED [ 88%]
tests/enterprise/test_database_operations_enterprise.py::TestDatabasePerformanceScalingEnterprise::test_connection_pooling_enterprise_resource_management FAILED [100%]

================================== FAILURES ===================================
_ TestConsciousnessPersistenceEnterprise.test_memories_transaction_integrity_under_concurrent_access _

self = <tests.enterprise.test_database_operations_enterprise.TestConsciousnessPersistenceEnterprise object at 0x000001C448601F90>
consciousness_db = <sqlite3.Connection object at 0x000001C4488106D0>

    def test_memories_transaction_integrity_under_concurrent_access(self, consciousness_db):
        """
        Test 1.2 - Memory Transaction Integrity Under High Concurrency
        Valida integrity de transacciones bajo alta concurrencia real
        """
        memory_entries = []
        for i in range(50):
            memory_entries.append({
                'content': f'Scientific memory {i}: consciousness expansion pattern {i} identified',
                'type': 'scientific_discovery' if i % 2 == 0 else 'hypothesis_testing',
                'importance': 0.3 + (i % 70) / 100,  # Varying importance
                'phi_context': 0.5 + (i % 50) / 100,  # Consciousness context
                'timestamp': (datetime.now() + timedelta(seconds=i)).isoformat()
            })
    
        def insert_memory(user_id):
            """Concurrent memory insertion with retry logic for database locks"""
            max_retries = 3
            retry_count = 0
    
            while retry_count < max_retries:
                try:
                    # Use unique content per user to avoid conflicts
                    entry = memory_entries[user_id % len(memory_entries)]
                    unique_content = f"{entry['content']} - User {user_id}"
    
                    cursor = consciousness_db.cursor()
    
                    cursor.execute('''
                        INSERT INTO consciousness_memories
                        (content, type, importance, phi_context, timestamp, is_active)
                        VALUES (?, ?, ?, ?, ?, ?)
                    ''', (
                        unique_content,
                        entry['type'],
                        entry['importance'],
                        entry['phi_context'],
                        entry['timestamp'],
                        True
                    ))
    
                    consciousness_db.commit()
    
                    # Verify immediate consistency
                    cursor.execute('SELECT COUNT(*) FROM consciousness_memories WHERE content = ?',
                                  (unique_content,))
                    count = cursor.fetchone()[0]
                    assert count == 1, f"Memory duplication: {count} entries for same content"
    
                    return f"Memory {user_id} inserted successfully"
    
                except sqlite3.OperationalError as e:
                    if 'database is locked' in str(e) and retry_count < max_retries - 1:
                        # Retry with exponential backoff
                        retry_count += 1
                        time.sleep(0.1 * (2 ** retry_count))
                        continue
                    else:
                        consciousness_db.rollback()
                        raise Exception(f"Memory insertion failed for user {user_id} after {retry_count + 1} attempts: {e}")
                except Exception as e:
                    consciousness_db.rollback()
                    raise Exception(f"Memory insertion failed for user {user_id}: {e}")
    
            raise Exception(f"Memory insertion failed for user {user_id} after {max_retries} retries")
    
        # Execute concurrent memory operations
        concurrency_result = self._simulate_concurrent_access(insert_memory, concurrent_users=20)
    
        # Enterprise validation assertions - adjusted for SQLite concurrent limitations
        # SQLite with WAL mode should handle most operations, allowing some retries
        success_rate = concurrency_result['successful_operations'] / concurrency_result['concurrent_users']
>       assert success_rate >= 0.85, \
            f"Concurrent memory operations success rate too low: {success_rate:.2%} ({concurrency_result['successful_operations']}/20)"
E       AssertionError: Concurrent memory operations success rate too low: 35.00% (7/20)
E       assert 0.35 >= 0.85

tests\enterprise\test_database_operations_enterprise.py:284: AssertionError
-------------------------- Captured stdout teardown ---------------------------
\U0001f5c4\ufe0f DB Test test_memories_transaction_integrity_under_concurrent_access: 0.117s
_ TestDatabaseTransactionSafetyEnterprise.test_database_backup_recovery_data_integrity_enterprise _

self = <tests.enterprise.test_database_operations_enterprise.TestDatabaseTransactionSafetyEnterprise object at 0x000001C448621350>
transaction_db = <sqlite3.Connection object at 0x000001C448812E30>

    def test_database_backup_recovery_data_integrity_enterprise(self, transaction_db):
        """
        Test 2.3 - Database Backup and Recovery Data Integrity Enterprise
        Valida enterprise backup/recovery manteniendo data scientific integrity
        """
        # Setup complex scientific dataset
        scientific_data = []
    
        cursor = transaction_db.cursor()
        for i in range(100):
            phi_sequence = [0.5 + j/20 for j in range(10)]  # \u03a6 evolution over time
            data_point = {
                'experiment_id': f'exp_{i:03d}',
                'phi_evolution': str(phi_sequence),
                'scientific_accuracy': 0.85 + i/200,  # Improving accuracy
                'consciousness_stability': 0.92 - i/250,  # Slight degradation over time
                'research_notes': f'Scientific discovery {i}: consciousness pattern {i%5} observed',
                'measurement_count': 10,
                'timestamp': (datetime.now() - timedelta(days=100-i)).isoformat()
            }
    
            cursor.execute('''
                INSERT INTO consciousness_transactions
                (phi_value, operation_type, timestamp, success)
                VALUES (?, ?, ?, ?)
            ''', (
                data_point['scientific_accuracy'],
                'scientific_measurement',
                data_point['timestamp'],
                1
            ))
    
            scientific_data.append(data_point)
    
        transaction_db.commit()
    
        # Simulate backup creation
        db_path = transaction_db.execute("PRAGMA database_list").fetchone()[2]
        backup_path = db_path + ".backup"
    
        # Create backup
        with open(db_path, 'rb') as source:
            with open(backup_path, 'wb') as target:
                target.write(source.read())
    
        # Simulate data corruption/loss on original
        # Delete some records to simulate partial loss
        cursor.execute('DELETE FROM consciousness_transactions WHERE id % 10 = 0')  # Delete 10% of data
        transaction_db.commit()
    
        # Count remaining data
        cursor.execute('SELECT COUNT(*) FROM consciousness_transactions')
        remaining_count = cursor.fetchone()[0]
    
        # Simulate recovery from backup
        transaction_db.close()
    
        # Replace corrupted file with backup
        import shutil
        shutil.copy2(backup_path, db_path)
    
        # Reconnect after recovery
        recovered_conn = sqlite3.connect(db_path, check_same_thread=False)
        recovered_cursor = recovered_conn.cursor()
    
        # Verify recovery integrity
        recovered_cursor.execute('SELECT COUNT(*) FROM consciousness_transactions')
        recovered_count = recovered_cursor.fetchone()[0]
    
>       assert recovered_count == len(scientific_data), \
            f"Recovery data loss: expected {len(scientific_data)}, recovered {recovered_count}"
E       AssertionError: Recovery data loss: expected 100, recovered 124
E       assert 124 == 100
E        +  where 100 = len([{'consciousness_stability': 0.92, 'experiment_id': 'exp_000', 'measurement_count': 10, 'phi_evolution': '[0.5, 0.55, 0.6, 0.65, 0.7, 0.75, 0.8, 0.85, 0.9, 0.95]', ...}, {'consciousness_stability': 0.916, 'experiment_id': 'exp_001', 'measurement_count': 10, 'phi_evolution': '[0.5, 0.55, 0.6, 0.65, 0.7, 0.75, 0.8, 0.85, 0.9, 0.95]', ...}, {'consciousness_stability': 0.912, 'experiment_id': 'exp_002', 'measurement_count': 10, 'phi_evolution': '[0.5, 0.55, 0.6, 0.65, 0.7, 0.75, 0.8, 0.85, 0.9, 0.95]', ...}, {'consciousness_stability': 0.908, 'experiment_id': 'exp_003', 'measurement_count': 10, 'phi_evolution': '[0.5, 0.55, 0.6, 0.65, 0.7, 0.75, 0.8, 0.85, 0.9, 0.95]', ...}, {'consciousness_stability': 0.904, 'experiment_id': 'exp_004', 'measurement_count': 10, 'phi_evolution': '[0.5, 0.55, 0.6, 0.65, 0.7, 0.75, 0.8, 0.85, 0.9, 0.95]', ...}, {'consciousness_stability': 0.9, 'experiment_id': 'exp_005', 'measurement_count': 10, 'phi_evolution': '[0.5, 0.55, 0.6, 0.65, 0.7, 0.75, 0.8, 0.85, 0.9, 0.95]', ...}, ...])

tests\enterprise\test_database_operations_enterprise.py:732: AssertionError
_ TestDatabasePerformanceScalingEnterprise.test_database_insertion_throughput_enterprise_scale _

self = <tests.enterprise.test_database_operations_enterprise.TestDatabasePerformanceScalingEnterprise object at 0x000001C448602210>
performance_db = <sqlite3.Connection object at 0x000001C448813010>

    def test_database_insertion_throughput_enterprise_scale(self, performance_db):
        """
        Test 3.1 - Database Insertion Throughput Enterprise Scale
        Valida throughput de inserci¾n a escala enterprise (1000+ ops/sec)
        """
        import threading
    
        batch_size = 1000
        concurrent_writers = 4
        insertion_operations = []
    
        def enterprise_writer_thread(thread_id):
            """High-throughput database writer"""
            local_operations = 0
            cursor = performance_db.cursor()
    
            try:
                for batch in range(50):  # 50K operations per thread
                    batch_start = time.time()
    
                    # Prepare batch data (simulating consciousness sessions)
                    batch_data = []
                    for i in range(batch_size):
                        consciousness_data = {
                            'session_id': f'session_{thread_id}_{batch}_{i}',
                            'phi_value': 0.5 + (i % 50) / 100,  # Realistic \u03a6 variation
                            'response_time': 0.01 + (i % 10) / 1000,  # Unit test performance
                            'timestamp': datetime.now().isoformat(),
                            'memory_usage': 50 + (i % 100),  # MB
                            'is_cached': i % 5 == 0  # 20% cache hit rate
                        }
                        batch_data.append(consciousness_data)
    
                    # Execute batch insert
                    cursor.executemany('''
                        INSERT INTO consciousness_metrics
                        (session_id, phi_value, response_time, timestamp, memory_usage, is_cached)
                        VALUES (?, ?, ?, ?, ?, ?)
                    ''', [(
                        d['session_id'], d['phi_value'], d['response_time'],
                        d['timestamp'], d['memory_usage'], d['is_cached']
                    ) for d in batch_data])
    
                    performance_db.commit()
    
                    batch_time = time.time() - batch_start
                    local_operations += batch_size
    
                    # Performance tracking
                    operations_per_second = batch_size / batch_time if batch_time > 0 else 0
                    insertion_operations.append({
                        'thread': thread_id,
                        'batch': batch,
                        'operations': batch_size,
                        'time': batch_time,
                        'throughput': operations_per_second
                    })
    
                return {
                    'thread_id': thread_id,
                    'total_operations': local_operations,
                    'status': 'completed'
                }
    
            except Exception as e:
                performance_db.rollback()
                return {
                    'thread_id': thread_id,
                    'total_operations': local_operations,
                    'status': 'error',
                    'error': str(e)
                }
    
        # Execute concurrent enterprise-scale insertions
        throughput_start = time.time()
        writer_threads = []
    
        for thread_id in range(concurrent_writers):
            thread = threading.Thread(target=enterprise_writer_thread, args=(thread_id,))
            writer_threads.append(thread)
    
        # Start all threads
        for thread in writer_threads:
            thread.start()
    
        # Wait for completion with enterprise timeout
        for thread in writer_threads:
            thread.join(timeout=60)  # 60 second enterprise timeout
    
        total_time = time.time() - throughput_start
    
        # Calculate enterprise performance metrics
        total_operations = concurrent_writers * 50 * batch_size  # 4 threads * 50 batches * 1000 ops
    
        operations_per_second = total_operations / total_time if total_time > 0 else 0
        operations_per_minute = operations_per_second * 60
    
        # Enterprise throughput requirements
        assert operations_per_second >= 500, \
            f"Enterprise throughput inadequate: {operations_per_second:.1f} ops/sec (minimum 500)"
    
        assert total_time < 240, \
            f"Enterprise operation timeout: {total_time:.1f}s > 4min limit"
    
        # Data integrity verification
        cursor = performance_db.cursor()
        cursor.execute('SELECT COUNT(*) FROM consciousness_metrics')
        actual_count = cursor.fetchone()[0]
    
>       assert abs(actual_count - total_operations) < 100, \
            f"Data integrity violation: expected {total_operations}, got {actual_count}"
E       AssertionError: Data integrity violation: expected 200000, got 49998
E       assert 150002 < 100
E        +  where 150002 = abs((49998 - 200000))

tests\enterprise\test_database_operations_enterprise.py:944: AssertionError
-------------------------- Captured stdout teardown ---------------------------
\U0001f5c4\ufe0f DB Test test_database_insertion_throughput_enterprise_scale: 0.181s
_ TestDatabasePerformanceScalingEnterprise.test_complex_query_performance_enterprise_analytics _

self = <tests.enterprise.test_database_operations_enterprise.TestDatabasePerformanceScalingEnterprise object at 0x000001C448602350>
performance_db = <sqlite3.Connection object at 0x000001C448813010>

    def test_complex_query_performance_enterprise_analytics(self, performance_db):
        """
        Test 3.2 - Complex Query Performance Enterprise Analytics
        Valida performance de queries analÝticas complejas sobre datos consciencia
        """
        # Setup large analytical dataset
        cursor = performance_db.cursor()
    
        analytics_data = []
        for session in range(100):  # 100 consciousness sessions
            for measurement in range(100):  # 100 measurements per session
                data_point = {
                    'session_id': f'consciousness_session_{session:03d}',
                    'phi_value': 0.4 + (measurement % 60) / 100,  # \u03a6 evolution pattern
                    'response_time': 0.005 + (measurement % 50) / 1000,
                    'timestamp': (datetime.now() - timedelta(hours=measurement)).isoformat(),
                    'memory_usage': 40 + (measurement % 60),
                    'is_cached': (measurement + session) % 7 == 0
                }
                analytics_data.append(data_point)
    
        # Bulk insert for performance
        cursor.executemany('''
            INSERT INTO consciousness_metrics
            (session_id, phi_value, response_time, timestamp, memory_usage, is_cached)
            VALUES (?, ?, ?, ?, ?, ?)
        ''', [(
            d['session_id'], d['phi_value'], d['response_time'],
            d['timestamp'], d['memory_usage'], d['is_cached']
        ) for d in analytics_data])
    
        performance_db.commit()
    
        # Enterprise analytical queries
        analytical_queries = [
            {
                'name': 'Phi Evolution Analysis',
                'query': '''
                    SELECT session_id,
                           AVG(phi_value) as avg_phi,
                           MIN(phi_value) as min_phi,
                           MAX(phi_value) as max_phi,
                           COUNT(*) as measurements,
                           AVG(response_time) as avg_response
                    FROM consciousness_metrics
                    GROUP BY session_id
                    HAVING COUNT(*) > 10
                    ORDER BY avg_phi DESC
                    LIMIT 20
                ''',
                'max_time': 500  # 500ms for complex aggregation
            },
            {
                'name': 'Performance Degradation Analysis',
                'query': '''
                    SELECT session_id,
                           AVG(memory_usage) as avg_memory,
                           AVG(CASE WHEN is_cached = 1 THEN response_time END) as cached_response,
                           AVG(CASE WHEN is_cached = 0 THEN response_time END) as uncached_response,
                           COUNT(CASE WHEN is_cached = 1 THEN 1 END) as cache_hits,
                           COUNT(CASE WHEN is_cached = 0 THEN 1 END) as cache_misses
                    FROM consciousness_metrics
                    WHERE response_time > 0
                    GROUP BY session_id
                    HAVING cache_hits > 5 AND cache_misses > 5
                ''',
                'max_time': 800  # 800ms for complex conditional aggregation
            },
            {
                'name': 'Time Series Consciousness Analysis',
                'query': '''
                    SELECT
                        strftime('%Y-%m-%d %H', timestamp) as hour,
                        AVG(phi_value) as avg_phi,
                        STDDEV(phi_value) as phi_volatility,
                        COUNT(*) as measurements_per_hour,
                        AVG(response_time) as avg_response_time
                    FROM consciousness_metrics
                    WHERE timestamp >= ?
                    GROUP BY hour
                    ORDER BY hour DESC
                    LIMIT 24
                ''',
                'params': [(datetime.now() - timedelta(days=7)).isoformat()],
                'max_time': 600  # 600ms for time-series analysis
            }
        ]
    
        query_performance_results = []
        total_analytics_time = 0
    
        for query_spec in analytical_queries:
            query_start = time.time()
    
            try:
                if 'params' in query_spec:
                    cursor.execute(query_spec['query'], query_spec['params'])
                else:
                    cursor.execute(query_spec['query'])
    
                results = cursor.fetchall()
                query_time = (time.time() - query_start) * 1000  # Convert to milliseconds
    
                total_analytics_time += query_time
    
                # Performance validation
                assert query_time <= query_spec['max_time'], \
                    f"Enterprise analytics too slow: {query_spec['name']} took {query_time:.1f}ms > {query_spec['max_time']}ms"
    
                assert len(results) > 0, f"No results for analytical query: {query_spec['name']}"
    
                query_performance_results.append({
                    'query_name': query_spec['name'],
                    'execution_time_ms': query_time,
                    'results_count': len(results),
                    'status': 'success'
                })
    
            except Exception as e:
                query_performance_results.append({
                    'query_name': query_spec['name'],
                    'execution_time_ms': time.time() - query_start,
                    'results_count': 0,
                    'status': 'error',
                    'error': str(e)
                })
    
        # Enterprise analytics performance validation
        successful_queries = [q for q in query_performance_results if q['status'] == 'success']
        failed_queries = [q for q in query_performance_results if q['status'] == 'error']
    
>       assert len(successful_queries) >= len(analytical_queries) * 0.8, \
            f"Too many analytical queries failed: {len(failed_queries)}/{len(analytical_queries)}"
E       AssertionError: Too many analytical queries failed: 1/3
E       assert 2 >= (3 * 0.8)
E        +  where 2 = len([{'execution_time_ms': 15.862464904785156, 'query_name': 'Phi Evolution Analysis', 'results_count': 20, 'status': 'success'}, {'execution_time_ms': 18.80788803100586, 'query_name': 'Performance Degradation Analysis', 'results_count': 100, 'status': 'success'}])
E        +  and   3 = len([{'max_time': 500, 'name': 'Phi Evolution Analysis', 'query': '\n                    SELECT session_id,\n                           AVG(phi_value) as avg_phi,\n                           MIN(phi_value) as min_phi,\n                           MAX(phi_value) as max_phi,\n                           COUNT(*) as measurements,\n                           AVG(response_time) as avg_response\n                    FROM consciousness_metrics\n                    GROUP BY session_id\n                    HAVING COUNT(*) > 10\n                    ORDER BY avg_phi DESC\n                    LIMIT 20\n                '}, {'max_time': 800, 'name': 'Performance Degradation Analysis', 'query': '\n                    SELECT session_id,\n                           AVG(memory_usage) as avg_memory,\n                           AVG(CASE WHEN is_cached = 1 THEN response_time END) as cached_response,\n                           AVG(CASE WHEN is_cached = 0 THEN response_time END) as uncached_response,\n                           COUNT(CASE WHEN is_cached = 1 THEN 1 END) as cache_hits,\n                           COUNT(CASE WHEN is_cached = 0 THEN 1 END) as cache_misses\n                    FROM consciousness_metrics\n                    WHERE response_time > 0\n                    GROUP BY session_id\n                    HAVING cache_hits > 5 AND cache_misses > 5\n                '}, {'max_time': 600, 'name': 'Time Series Consciousness Analysis', 'params': ['2025-11-19T18:36:42.352101'], 'query': "\n                    SELECT\n                        strftime('%Y-%m-%d %H', timestamp) as hour,\n                        AVG(phi_value) as avg_phi,\n                        STDDEV(phi_value) as phi_volatility,\n                        COUNT(*) as measurements_per_hour,\n                        AVG(response_time) as avg_response_time\n                    FROM consciousness_metrics\n                    WHERE timestamp >= ?\n                    GROUP BY hour\n                    ORDER BY hour DESC\n                    LIMIT 24\n                "}])

tests\enterprise\test_database_operations_enterprise.py:1099: AssertionError
-------------------------- Captured stdout teardown ---------------------------
\U0001f5c4\ufe0f DB Test test_complex_query_performance_enterprise_analytics: 0.081s
_ TestDatabasePerformanceScalingEnterprise.test_connection_pooling_enterprise_resource_management _

self = <tests.enterprise.test_database_operations_enterprise.TestDatabasePerformanceScalingEnterprise object at 0x000001C448623490>
performance_db = <sqlite3.Connection object at 0x000001C448813010>

    def test_connection_pooling_enterprise_resource_management(self, performance_db):
        """
        Test 3.3 - Connection Pooling Enterprise Resource Management
        Valida gesti¾n eficiente de conexiones database enterprise
        """
        import threading
    
        db_connections = []
        active_connections = threading.Event()
        max_concurrent_connections = 20
    
        connection_metrics = {
            'connections_established': 0,
            'connections_reused': 0,
            'connection_failures': 0,
            'avg_connection_time': 0.0,
            'max_concurrent_connections': 0
        }
    
        def enterprise_connection_user(user_id):
            """Enterprise user requiring database connections"""
            connection_times = []
    
            try:
                # Simulate enterprise workload pattern
                for operation in range(10):  # 10 database operations per user
                    operation_start = time.time()
    
                    # Simulate connection acquisition (in real pooling scenario)
                    if len(db_connections) < max_concurrent_connections:
                        # New connection
                        connection_id = len(db_connections)
                        db_connections.append({
pytest : Traceback (most recent call last):
En línea: 1 Carácter: 1
+ pytest tests/enterprise/test_database_operations_enterprise.py -v > t ...
+ ~~~~~~~~~~~~~~~~~~~~~~~~~~~~~~~~~~~~~~~~~~~~~~~~~~~~~~~~~~~~~~~~~~~~~
    + CategoryInfo          : NotSpecified: (Traceback (most recent call last)::String) [], RemoteException
    + FullyQualifiedErrorId : NativeCommandError
 
  File "<frozen runpy>", line 198, in _run_module_as_main
  File "<frozen runpy>", line 88, in _run_code
  File "C:\Users\YO\AppData\Roaming\Python\Python313\Scripts\pytest.exe\__main__.py", line 6, in <module>
    sys.exit(console_main())
             ~~~~~~~~~~~~^^
  File "C:\Users\YO\AppData\Roaming\Python\Python313\site-packages\_pytest\config\__init__.py", line 221, in console_main
    code = main()
  File "C:\Users\YO\AppData\Roaming\Python\Python313\site-packages\_pytest\config\__init__.py", line 197, in main
    ret: ExitCode | int = config.hook.pytest_cmdline_main(config=config)
                          ~~~~~~~~~~~~~~~~~~~~~~~~~~~~~~~^^^^^^^^^^^^^^^
  File "C:\Users\YO\AppData\Roaming\Python\Python313\site-packages\pluggy\_hooks.py", line 512, in __call__
    return self._hookexec(self.name, self._hookimpls.copy(), kwargs, firstresult)
           ~~~~~~~~~~~~~~^^^^^^^^^^^^^^^^^^^^^^^^^^^^^^^^^^^^^^^^^^^^^^^^^^^^^^^^
  File "C:\Users\YO\AppData\Roaming\Python\Python313\site-packages\pluggy\_manager.py", line 120, in _hookexec
    return self._inner_hookexec(hook_name, methods, kwargs, firstresult)
           ~~~~~~~~~~~~~~~~~~~~^^^^^^^^^^^^^^^^^^^^^^^^^^^^^^^^^^^^^^^^^
  File "C:\Users\YO\AppData\Roaming\Python\Python313\site-packages\pluggy\_callers.py", line 167, in _multicall
    raise exception
  File "C:\Users\YO\AppData\Roaming\Python\Python313\site-packages\pluggy\_callers.py", line 121, in _multicall
    res = hook_impl.function(*args)
  File "C:\Users\YO\AppData\Roaming\Python\Python313\site-packages\_pytest\main.py", line 365, in pytest_cmdline_main
    return wrap_session(config, _main)
  File "C:\Users\YO\AppData\Roaming\Python\Python313\site-packages\_pytest\main.py", line 353, in wrap_session
    config.hook.pytest_sessionfinish(
    ~~~~~~~~~~~~~~~~~~~~~~~~~~~~~~~~^
        session=session, exitstatus=session.exitstatus
        ^^^^^^^^^^^^^^^^^^^^^^^^^^^^^^^^^^^^^^^^^^^^^^
    )
    ^
  File "C:\Users\YO\AppData\Roaming\Python\Python313\site-packages\pluggy\_hooks.py", line 512, in __call__
    return self._hookexec(self.name, self._hookimpls.copy(), kwargs, firstresult)
           ~~~~~~~~~~~~~~^^^^^^^^^^^^^^^^^^^^^^^^^^^^^^^^^^^^^^^^^^^^^^^^^^^^^^^^
  File "C:\Users\YO\AppData\Roaming\Python\Python313\site-packages\pluggy\_manager.py", line 120, in _hookexec
    return self._inner_hookexec(hook_name, methods, kwargs, firstresult)
           ~~~~~~~~~~~~~~~~~~~~^^^^^^^^^^^^^^^^^^^^^^^^^^^^^^^^^^^^^^^^^
  File "C:\Users\YO\AppData\Roaming\Python\Python313\site-packages\pluggy\_callers.py", line 167, in _multicall
    raise exception
  File "C:\Users\YO\AppData\Roaming\Python\Python313\site-packages\pluggy\_callers.py", line 139, in _multicall
    teardown.throw(exception)
    ~~~~~~~~~~~~~~^^^^^^^^^^^
  File "C:\Users\YO\AppData\Roaming\Python\Python313\site-packages\_pytest\logging.py", line 873, in pytest_sessionfinish
    return (yield)
            ^^^^^
  File "C:\Users\YO\AppData\Roaming\Python\Python313\site-packages\pluggy\_callers.py", line 152, in _multicall
    teardown.send(result)
    ~~~~~~~~~~~~~^^^^^^^^
  File "C:\Users\YO\AppData\Roaming\Python\Python313\site-packages\_pytest\terminal.py", line 977, in pytest_sessionfinish
    self.config.hook.pytest_terminal_summary(
    ~~~~~~~~~~~~~~~~~~~~~~~~~~~~~~~~~~~~~~~~^
        terminalreporter=self, exitstatus=exitstatus, config=self.config
        ^^^^^^^^^^^^^^^^^^^^^^^^^^^^^^^^^^^^^^^^^^^^^^^^^^^^^^^^^^^^^^^^
    )
    ^
  File "C:\Users\YO\AppData\Roaming\Python\Python313\site-packages\pluggy\_hooks.py", line 512, in __call__
    return self._hookexec(self.name, self._hookimpls.copy(), kwargs, firstresult)
           ~~~~~~~~~~~~~~^^^^^^^^^^^^^^^^^^^^^^^^^^^^^^^^^^^^^^^^^^^^^^^^^^^^^^^^
  File "C:\Users\YO\AppData\Roaming\Python\Python313\site-packages\pluggy\_manager.py", line 120, in _hookexec
    return self._inner_hookexec(hook_name, methods, kwargs, firstresult)
           ~~~~~~~~~~~~~~~~~~~~^^^^^^^^^^^^^^^^^^^^^^^^^^^^^^^^^^^^^^^^^
  File "C:\Users\YO\AppData\Roaming\Python\Python313\site-packages\pluggy\_callers.py", line 167, in _multicall
    raise exception
  File "C:\Users\YO\AppData\Roaming\Python\Python313\site-packages\pluggy\_callers.py", line 139, in _multicall
    teardown.throw(exception)
    ~~~~~~~~~~~~~~^^^^^^^^^^^
  File "C:\Users\YO\AppData\Roaming\Python\Python313\site-packages\_pytest\terminal.py", line 999, in pytest_terminal_summary
    return (yield)
            ^^^^^
  File "C:\Users\YO\AppData\Roaming\Python\Python313\site-packages\pluggy\_callers.py", line 139, in _multicall
    teardown.throw(exception)
    ~~~~~~~~~~~~~~^^^^^^^^^^^
  File "C:\Users\YO\AppData\Roaming\Python\Python313\site-packages\_pytest\warnings.py", line 109, in pytest_terminal_summary
    return (yield)
            ^^^^^
  File "C:\Users\YO\AppData\Roaming\Python\Python313\site-packages\pluggy\_callers.py", line 121, in _multicall
    res = hook_impl.function(*args)
  File "C:\Users\YO\Desktop\EL-AMANECERV3-main\tests\conftest.py", line 212, in pytest_terminal_summary
    print("\U0001f3af EL-AMANECER-V4 TEST EXECUTION SUMMARY")
    ~~~~~^^^^^^^^^^^^^^^^^^^^^^^^^^^^^^^^^^^^^^^^^^^^
  File "C:\Program Files\Python313\Lib\encodings\cp1252.py", line 19, in encode
    return codecs.charmap_encode(input,self.errors,encoding_table)[0]
           ~~~~~~~~~~~~~~~~~~~~~^^^^^^^^^^^^^^^^^^^^^^^^^^^^^^^^^^
UnicodeEncodeError: 'charmap' codec can't encode character '\U0001f3af' in position 0: character maps to <undefined>
                            'id': connection_id,
                            'user': user_id,
                            'created': time.time()
                        })
                        connection_metrics['connections_established'] += 1
                    else:
                        # Reuse existing connection (pooling behavior)
                        reuse_index = operation % len(db_connections)
                        db_connections[reuse_index]['last_used'] = time.time()
                        connection_metrics['connections_reused'] += 1
    
                    # Simulate database operation
                    cursor = performance_db.cursor()
                    cursor.execute('''
                        INSERT INTO agent_performance
                        (agent_id, operation, start_time, end_time, response_time, success)
                        VALUES (?, ?, ?, ?, ?, ?)
                    ''', (
                        f'agent_{user_id}',
                        f'operation_{operation}',
                        datetime.now().isoformat(),
                        datetime.now().isoformat(),
                        0.001 + (operation % 10) / 1000,
                        1
                    ))
    
                    performance_db.commit()
    
                    connection_time = time.time() - operation_start
                    connection_times.append(connection_time)
    
                    # Small delay to simulate real enterprise usage
                    if operation % 3 == 0:
                        time.sleep(0.001)
    
                # Connection cleanup (simulate pool return)
                active_connection_count = len(db_connections)
                connection_metrics['max_concurrent_connections'] = max(
                    connection_metrics['max_concurrent_connections'],
                    active_connection_count
                )
    
                if connection_times:
                    avg_time = sum(connection_times) / len(connection_times)
                    connection_metrics['avg_connection_time'] += avg_time
    
                return {
                    'user_id': user_id,
                    'operations_completed': len(connection_times),
                    'connections_used': active_connection_count,
                    'avg_connection_time': sum(connection_times) / len(connection_times) if connection_times else 0,
                    'status': 'success'
                }
    
            except Exception as e:
                connection_metrics['connection_failures'] += 1
                return {
                    'user_id': user_id,
                    'operations_completed': operation,
                    'status': 'error',
                    'error': str(e)
                }
    
        # Execute enterprise connection pooling test
        enterprise_users = 15  # 15 concurrent enterprise users
        user_threads = []
    
        # Start all users concurrently
        pooling_start = time.time()
    
        for user_id in range(enterprise_users):
            thread = threading.Thread(target=enterprise_connection_user, args=(user_id,))
            user_threads.append(thread)
            thread.start()
    
        # Wait for all users to complete
        for thread in user_threads:
            thread.join(timeout=30)  # 30 second enterprise timeout
    
        total_connection_time = time.time() - pooling_start
    
        # Calculate enterprise connection metrics
        successful_users = enterprise_users - connection_metrics['connection_failures']
        success_rate = successful_users / enterprise_users
    
        connection_efficiency = connection_metrics['connections_reused'] / (
            connection_metrics['connections_established'] + connection_metrics['connections_reused']
        ) if (connection_metrics['connections_established'] + connection_metrics['connections_reused']) > 0 else 0
    
        avg_connection_time = connection_metrics['avg_connection_time'] / enterprise_users if enterprise_users > 0 else 0
    
        # Enterprise connection pooling validation
>       assert success_rate >= 0.85, f"Poor connection reliability: {success_rate:.1f} success rate (minimum 0.85)"
E       AssertionError: Poor connection reliability: 0.2 success rate (minimum 0.85)
E       assert 0.2 >= 0.85

tests\enterprise\test_database_operations_enterprise.py:1249: AssertionError
-------------------------- Captured stdout teardown ---------------------------
\U0001f5c4\ufe0f DB Test test_connection_pooling_enterprise_resource_management: 0.024s\n\n\U0001f9f9 Limpieza de tests completada

============================================================
=========================== short test summary info ===========================
FAILED tests/enterprise/test_database_operations_enterprise.py::TestConsciousnessPersistenceEnterprise::test_memories_transaction_integrity_under_concurrent_access
FAILED tests/enterprise/test_database_operations_enterprise.py::TestDatabaseTransactionSafetyEnterprise::test_database_backup_recovery_data_integrity_enterprise
FAILED tests/enterprise/test_database_operations_enterprise.py::TestDatabasePerformanceScalingEnterprise::test_database_insertion_throughput_enterprise_scale
FAILED tests/enterprise/test_database_operations_enterprise.py::TestDatabasePerformanceScalingEnterprise::test_complex_query_performance_enterprise_analytics
FAILED tests/enterprise/test_database_operations_enterprise.py::TestDatabasePerformanceScalingEnterprise::test_connection_pooling_enterprise_resource_management
